I'm sorry, but errors were detected in your script. Please correct the
errors listed below, and try again.


File "game/options.rpy", line 128: expected expression
    default preferences.afm_time = 
                                   ^

Ren'Py Version: Ren'Py 8.2.1.24030407
Thu Mar 21 10:17:16 2024
